#-----------------------------------------------------------
# Vivado v2023.1.1 (64-bit)
# SW Build 3900603 on Fri Jun 16 19:30:25 MDT 2023
# IP Build 3900379 on Sat Jun 17 05:28:05 MDT 2023
# SharedData Build 3899622 on Fri Jun 16 03:34:24 MDT 2023
# Start of session at: Fri Mar 15 11:21:48 2024
# Process ID: 47464
# Current directory: /home/cristian/Documents/ACES/RC/assignment-1/assignment-1.runs/implementation
# Command line: vivado -log uart_rx_design_wrapper.vdi -applog -product Vivado -messageDb vivado.pb -mode batch -source uart_rx_design_wrapper.tcl -notrace
# Log file: /home/cristian/Documents/ACES/RC/assignment-1/assignment-1.runs/implementation/uart_rx_design_wrapper.vdi
# Journal file: /home/cristian/Documents/ACES/RC/assignment-1/assignment-1.runs/implementation/vivado.jou
# Running On: Hephaestion, OS: Linux, CPU Frequency: 2600.065 MHz, CPU Physical cores: 6, Host memory: 16622 MB
#-----------------------------------------------------------
source uart_rx_design_wrapper.tcl -notrace
