#-----------------------------------------------------------
# Vivado v2023.1.1 (64-bit)
# SW Build 3900603 on Fri Jun 16 19:30:25 MDT 2023
# IP Build 3900379 on Sat Jun 17 05:28:05 MDT 2023
# SharedData Build 3899622 on Fri Jun 16 03:34:24 MDT 2023
# Start of session at: Sat Apr  6 10:50:32 2024
# Process ID: 21505
# Current directory: /home/cristian/Documents/ACES/RC/assignment-3/vivado/linear_contrast_stretching/linear_contrast_stretching.runs/linear_contrast_stretching_xbar_0_synth_1
# Command line: vivado -log linear_contrast_stretching_xbar_0.vds -product Vivado -mode batch -messageDb vivado.pb -notrace -source linear_contrast_stretching_xbar_0.tcl
# Log file: /home/cristian/Documents/ACES/RC/assignment-3/vivado/linear_contrast_stretching/linear_contrast_stretching.runs/linear_contrast_stretching_xbar_0_synth_1/linear_contrast_stretching_xbar_0.vds
# Journal file: /home/cristian/Documents/ACES/RC/assignment-3/vivado/linear_contrast_stretching/linear_contrast_stretching.runs/linear_contrast_stretching_xbar_0_synth_1/vivado.jou
# Running On: Hephaestion, OS: Linux, CPU Frequency: 2599.993 MHz, CPU Physical cores: 6, Host memory: 16622 MB
#-----------------------------------------------------------
source linear_contrast_stretching_xbar_0.tcl -notrace
