

================================================================
== Vitis HLS Report for 'LinearContrastStretching'
================================================================
* Date:           Sat Apr  6 10:44:01 2024

* Version:        2023.1.1 (Build 3869133 on Jun 15 2023)
* Project:        image_linear_contrast
* Solution:       solution (Vivado IP Flow Target)
* Product family: zynq
* Target device:  xc7z020-clg400-1


================================================================
== Performance Estimates
================================================================
+ Timing: 
    * Summary: 
    +--------+----------+----------+------------+
    |  Clock |  Target  | Estimated| Uncertainty|
    +--------+----------+----------+------------+
    |ap_clk  |  10.00 ns|  7.300 ns|     2.70 ns|
    +--------+----------+----------+------------+

+ Latency: 
    * Summary: 
    +---------+---------+----------+----------+-----+-----+---------+
    |  Latency (cycles) |  Latency (absolute) |  Interval | Pipeline|
    |   min   |   max   |    min   |    max   | min | max |   Type  |
    +---------+---------+----------+----------+-----+-----+---------+
    |        ?|        ?|         ?|         ?|    ?|    ?|       no|
    +---------+---------+----------+----------+-----+-----+---------+

    + Detail: 
        * Instance: 
        +--------------------------------------------------------------+---------------------------------------------------+---------+---------+----------+----------+-----+-----+---------+
        |                                                              |                                                   |  Latency (cycles) |  Latency (absolute) |  Interval | Pipeline|
        |                           Instance                           |                       Module                      |   min   |   max   |    min   |    max   | min | max |   Type  |
        +--------------------------------------------------------------+---------------------------------------------------+---------+---------+----------+----------+-----+-----+---------+
        |grp_LinearContrastStretching_Pipeline_VITIS_LOOP_27_1_fu_145  |LinearContrastStretching_Pipeline_VITIS_LOOP_27_1  |        ?|        ?|         ?|         ?|    ?|    ?|       no|
        +--------------------------------------------------------------+---------------------------------------------------+---------+---------+----------+----------+-----+-----+---------+

        * Loop: 
        N/A



================================================================
== Utilization Estimates
================================================================
* Summary: 
+-----------------+---------+-----+--------+-------+-----+
|       Name      | BRAM_18K| DSP |   FF   |  LUT  | URAM|
+-----------------+---------+-----+--------+-------+-----+
|DSP              |        -|    -|       -|      -|    -|
|Expression       |        -|    -|       0|    156|    -|
|FIFO             |        -|    -|       -|      -|    -|
|Instance         |        8|    6|   11059|   7861|    -|
|Memory           |        -|    -|       -|      -|    -|
|Multiplexer      |        -|    -|       -|    224|    -|
|Register         |        -|    -|     397|      -|    -|
+-----------------+---------+-----+--------+-------+-----+
|Total            |        8|    6|   11456|   8241|    0|
+-----------------+---------+-----+--------+-------+-----+
|Available        |      280|  220|  106400|  53200|    0|
+-----------------+---------+-----+--------+-------+-----+
|Utilization (%)  |        2|    2|      10|     15|    0|
+-----------------+---------+-----+--------+-------+-----+

+ Detail: 
    * Instance: 
    +--------------------------------------------------------------+---------------------------------------------------+---------+----+------+------+-----+
    |                           Instance                           |                       Module                      | BRAM_18K| DSP|  FF  |  LUT | URAM|
    +--------------------------------------------------------------+---------------------------------------------------+---------+----+------+------+-----+
    |grp_LinearContrastStretching_Pipeline_VITIS_LOOP_27_1_fu_145  |LinearContrastStretching_Pipeline_VITIS_LOOP_27_1  |        0|   6|  9059|  5841|    0|
    |control_s_axi_U                                               |control_s_axi                                      |        0|   0|   340|   552|    0|
    |image_in_m_axi_U                                              |image_in_m_axi                                     |        4|   0|   830|   734|    0|
    |image_out_m_axi_U                                             |image_out_m_axi                                    |        4|   0|   830|   734|    0|
    +--------------------------------------------------------------+---------------------------------------------------+---------+----+------+------+-----+
    |Total                                                         |                                                   |        8|   6| 11059|  7861|    0|
    +--------------------------------------------------------------+---------------------------------------------------+---------+----+------+------+-----+

    * DSP: 
    N/A

    * Memory: 
    N/A

    * FIFO: 
    N/A

    * Expression: 
    +-----------------+----------+----+---+----+------------+------------+
    |  Variable Name  | Operation| DSP| FF| LUT| Bitwidth P0| Bitwidth P1|
    +-----------------+----------+----+---+----+------------+------------+
    |sub10_fu_214_p2  |         -|   0|  0|  39|          32|          32|
    |sub12_fu_219_p2  |         -|   0|  0|  39|          32|          32|
    |sub4_fu_204_p2   |         -|   0|  0|  39|          32|          32|
    |sub6_fu_209_p2   |         -|   0|  0|  39|          32|          32|
    +-----------------+----------+----+---+----+------------+------------+
    |Total            |          |   0|  0| 156|         128|         128|
    +-----------------+----------+----+---+----+------------+------------+

    * Multiplexer: 
    +--------------------+----+-----------+-----+-----------+
    |        Name        | LUT| Input Size| Bits| Total Bits|
    +--------------------+----+-----------+-----+-----------+
    |ap_NS_fsm           |  81|         17|    1|         17|
    |image_in_ARADDR     |  14|          3|   32|         96|
    |image_in_ARLEN      |  14|          3|   32|         96|
    |image_in_ARVALID    |  14|          3|    1|          3|
    |image_in_RREADY     |   9|          2|    1|          2|
    |image_in_blk_n_AR   |   9|          2|    1|          2|
    |image_out_AWADDR    |  14|          3|   32|         96|
    |image_out_AWLEN     |  14|          3|   32|         96|
    |image_out_AWVALID   |  14|          3|    1|          3|
    |image_out_BREADY    |  14|          3|    1|          3|
    |image_out_WVALID    |   9|          2|    1|          2|
    |image_out_blk_n_AW  |   9|          2|    1|          2|
    |image_out_blk_n_B   |   9|          2|    1|          2|
    +--------------------+----+-----------+-----+-----------+
    |Total               | 224|         48|  137|        420|
    +--------------------+----+-----------+-----+-----------+

    * Register: 
    +---------------------------------------------------------------------------+----+----+-----+-----------+
    |                                    Name                                   | FF | LUT| Bits| Const Bits|
    +---------------------------------------------------------------------------+----+----+-----+-----------+
    |ap_CS_fsm                                                                  |  16|   0|   16|          0|
    |grp_LinearContrastStretching_Pipeline_VITIS_LOOP_27_1_fu_145_ap_start_reg  |   1|   0|    1|          0|
    |high_new_threshold_read_reg_230                                            |  32|   0|   32|          0|
    |high_threshold_read_reg_243                                                |  32|   0|   32|          0|
    |image_length_read_reg_256                                                  |  32|   0|   32|          0|
    |low_new_threshold_read_reg_237                                             |  32|   0|   32|          0|
    |low_threshold_read_reg_250                                                 |  32|   0|   32|          0|
    |max_value_read_reg_224                                                     |  32|   0|   32|          0|
    |sub10_reg_295                                                              |  32|   0|   32|          0|
    |sub12_reg_300                                                              |  32|   0|   32|          0|
    |sub4_reg_285                                                               |  32|   0|   32|          0|
    |sub6_reg_290                                                               |  32|   0|   32|          0|
    |trunc_ln27_1_reg_269                                                       |  30|   0|   30|          0|
    |trunc_ln_reg_263                                                           |  30|   0|   30|          0|
    +---------------------------------------------------------------------------+----+----+-----+-----------+
    |Total                                                                      | 397|   0|  397|          0|
    +---------------------------------------------------------------------------+----+----+-----+-----------+



================================================================
== Interface
================================================================
* Summary: 
+--------------------------+-----+-----+------------+--------------------------+--------------+
|         RTL Ports        | Dir | Bits|  Protocol  |       Source Object      |    C Type    |
+--------------------------+-----+-----+------------+--------------------------+--------------+
|s_axi_control_AWVALID     |   in|    1|       s_axi|                   control|        scalar|
|s_axi_control_AWREADY     |  out|    1|       s_axi|                   control|        scalar|
|s_axi_control_AWADDR      |   in|    7|       s_axi|                   control|        scalar|
|s_axi_control_WVALID      |   in|    1|       s_axi|                   control|        scalar|
|s_axi_control_WREADY      |  out|    1|       s_axi|                   control|        scalar|
|s_axi_control_WDATA       |   in|   32|       s_axi|                   control|        scalar|
|s_axi_control_WSTRB       |   in|    4|       s_axi|                   control|        scalar|
|s_axi_control_ARVALID     |   in|    1|       s_axi|                   control|        scalar|
|s_axi_control_ARREADY     |  out|    1|       s_axi|                   control|        scalar|
|s_axi_control_ARADDR      |   in|    7|       s_axi|                   control|        scalar|
|s_axi_control_RVALID      |  out|    1|       s_axi|                   control|        scalar|
|s_axi_control_RREADY      |   in|    1|       s_axi|                   control|        scalar|
|s_axi_control_RDATA       |  out|   32|       s_axi|                   control|        scalar|
|s_axi_control_RRESP       |  out|    2|       s_axi|                   control|        scalar|
|s_axi_control_BVALID      |  out|    1|       s_axi|                   control|        scalar|
|s_axi_control_BREADY      |   in|    1|       s_axi|                   control|        scalar|
|s_axi_control_BRESP       |  out|    2|       s_axi|                   control|        scalar|
|ap_clk                    |   in|    1|  ap_ctrl_hs|  LinearContrastStretching|  return value|
|ap_rst_n                  |   in|    1|  ap_ctrl_hs|  LinearContrastStretching|  return value|
|interrupt                 |  out|    1|  ap_ctrl_hs|  LinearContrastStretching|  return value|
|m_axi_image_out_AWVALID   |  out|    1|       m_axi|                 image_out|       pointer|
|m_axi_image_out_AWREADY   |   in|    1|       m_axi|                 image_out|       pointer|
|m_axi_image_out_AWADDR    |  out|   32|       m_axi|                 image_out|       pointer|
|m_axi_image_out_AWID      |  out|    1|       m_axi|                 image_out|       pointer|
|m_axi_image_out_AWLEN     |  out|    8|       m_axi|                 image_out|       pointer|
|m_axi_image_out_AWSIZE    |  out|    3|       m_axi|                 image_out|       pointer|
|m_axi_image_out_AWBURST   |  out|    2|       m_axi|                 image_out|       pointer|
|m_axi_image_out_AWLOCK    |  out|    2|       m_axi|                 image_out|       pointer|
|m_axi_image_out_AWCACHE   |  out|    4|       m_axi|                 image_out|       pointer|
|m_axi_image_out_AWPROT    |  out|    3|       m_axi|                 image_out|       pointer|
|m_axi_image_out_AWQOS     |  out|    4|       m_axi|                 image_out|       pointer|
|m_axi_image_out_AWREGION  |  out|    4|       m_axi|                 image_out|       pointer|
|m_axi_image_out_AWUSER    |  out|    1|       m_axi|                 image_out|       pointer|
|m_axi_image_out_WVALID    |  out|    1|       m_axi|                 image_out|       pointer|
|m_axi_image_out_WREADY    |   in|    1|       m_axi|                 image_out|       pointer|
|m_axi_image_out_WDATA     |  out|   32|       m_axi|                 image_out|       pointer|
|m_axi_image_out_WSTRB     |  out|    4|       m_axi|                 image_out|       pointer|
|m_axi_image_out_WLAST     |  out|    1|       m_axi|                 image_out|       pointer|
|m_axi_image_out_WID       |  out|    1|       m_axi|                 image_out|       pointer|
|m_axi_image_out_WUSER     |  out|    1|       m_axi|                 image_out|       pointer|
|m_axi_image_out_ARVALID   |  out|    1|       m_axi|                 image_out|       pointer|
|m_axi_image_out_ARREADY   |   in|    1|       m_axi|                 image_out|       pointer|
|m_axi_image_out_ARADDR    |  out|   32|       m_axi|                 image_out|       pointer|
|m_axi_image_out_ARID      |  out|    1|       m_axi|                 image_out|       pointer|
|m_axi_image_out_ARLEN     |  out|    8|       m_axi|                 image_out|       pointer|
|m_axi_image_out_ARSIZE    |  out|    3|       m_axi|                 image_out|       pointer|
|m_axi_image_out_ARBURST   |  out|    2|       m_axi|                 image_out|       pointer|
|m_axi_image_out_ARLOCK    |  out|    2|       m_axi|                 image_out|       pointer|
|m_axi_image_out_ARCACHE   |  out|    4|       m_axi|                 image_out|       pointer|
|m_axi_image_out_ARPROT    |  out|    3|       m_axi|                 image_out|       pointer|
|m_axi_image_out_ARQOS     |  out|    4|       m_axi|                 image_out|       pointer|
|m_axi_image_out_ARREGION  |  out|    4|       m_axi|                 image_out|       pointer|
|m_axi_image_out_ARUSER    |  out|    1|       m_axi|                 image_out|       pointer|
|m_axi_image_out_RVALID    |   in|    1|       m_axi|                 image_out|       pointer|
|m_axi_image_out_RREADY    |  out|    1|       m_axi|                 image_out|       pointer|
|m_axi_image_out_RDATA     |   in|   32|       m_axi|                 image_out|       pointer|
|m_axi_image_out_RLAST     |   in|    1|       m_axi|                 image_out|       pointer|
|m_axi_image_out_RID       |   in|    1|       m_axi|                 image_out|       pointer|
|m_axi_image_out_RUSER     |   in|    1|       m_axi|                 image_out|       pointer|
|m_axi_image_out_RRESP     |   in|    2|       m_axi|                 image_out|       pointer|
|m_axi_image_out_BVALID    |   in|    1|       m_axi|                 image_out|       pointer|
|m_axi_image_out_BREADY    |  out|    1|       m_axi|                 image_out|       pointer|
|m_axi_image_out_BRESP     |   in|    2|       m_axi|                 image_out|       pointer|
|m_axi_image_out_BID       |   in|    1|       m_axi|                 image_out|       pointer|
|m_axi_image_out_BUSER     |   in|    1|       m_axi|                 image_out|       pointer|
|m_axi_image_in_AWVALID    |  out|    1|       m_axi|                  image_in|       pointer|
|m_axi_image_in_AWREADY    |   in|    1|       m_axi|                  image_in|       pointer|
|m_axi_image_in_AWADDR     |  out|   32|       m_axi|                  image_in|       pointer|
|m_axi_image_in_AWID       |  out|    1|       m_axi|                  image_in|       pointer|
|m_axi_image_in_AWLEN      |  out|    8|       m_axi|                  image_in|       pointer|
|m_axi_image_in_AWSIZE     |  out|    3|       m_axi|                  image_in|       pointer|
|m_axi_image_in_AWBURST    |  out|    2|       m_axi|                  image_in|       pointer|
|m_axi_image_in_AWLOCK     |  out|    2|       m_axi|                  image_in|       pointer|
|m_axi_image_in_AWCACHE    |  out|    4|       m_axi|                  image_in|       pointer|
|m_axi_image_in_AWPROT     |  out|    3|       m_axi|                  image_in|       pointer|
|m_axi_image_in_AWQOS      |  out|    4|       m_axi|                  image_in|       pointer|
|m_axi_image_in_AWREGION   |  out|    4|       m_axi|                  image_in|       pointer|
|m_axi_image_in_AWUSER     |  out|    1|       m_axi|                  image_in|       pointer|
|m_axi_image_in_WVALID     |  out|    1|       m_axi|                  image_in|       pointer|
|m_axi_image_in_WREADY     |   in|    1|       m_axi|                  image_in|       pointer|
|m_axi_image_in_WDATA      |  out|   32|       m_axi|                  image_in|       pointer|
|m_axi_image_in_WSTRB      |  out|    4|       m_axi|                  image_in|       pointer|
|m_axi_image_in_WLAST      |  out|    1|       m_axi|                  image_in|       pointer|
|m_axi_image_in_WID        |  out|    1|       m_axi|                  image_in|       pointer|
|m_axi_image_in_WUSER      |  out|    1|       m_axi|                  image_in|       pointer|
|m_axi_image_in_ARVALID    |  out|    1|       m_axi|                  image_in|       pointer|
|m_axi_image_in_ARREADY    |   in|    1|       m_axi|                  image_in|       pointer|
|m_axi_image_in_ARADDR     |  out|   32|       m_axi|                  image_in|       pointer|
|m_axi_image_in_ARID       |  out|    1|       m_axi|                  image_in|       pointer|
|m_axi_image_in_ARLEN      |  out|    8|       m_axi|                  image_in|       pointer|
|m_axi_image_in_ARSIZE     |  out|    3|       m_axi|                  image_in|       pointer|
|m_axi_image_in_ARBURST    |  out|    2|       m_axi|                  image_in|       pointer|
|m_axi_image_in_ARLOCK     |  out|    2|       m_axi|                  image_in|       pointer|
|m_axi_image_in_ARCACHE    |  out|    4|       m_axi|                  image_in|       pointer|
|m_axi_image_in_ARPROT     |  out|    3|       m_axi|                  image_in|       pointer|
|m_axi_image_in_ARQOS      |  out|    4|       m_axi|                  image_in|       pointer|
|m_axi_image_in_ARREGION   |  out|    4|       m_axi|                  image_in|       pointer|
|m_axi_image_in_ARUSER     |  out|    1|       m_axi|                  image_in|       pointer|
|m_axi_image_in_RVALID     |   in|    1|       m_axi|                  image_in|       pointer|
|m_axi_image_in_RREADY     |  out|    1|       m_axi|                  image_in|       pointer|
|m_axi_image_in_RDATA      |   in|   32|       m_axi|                  image_in|       pointer|
|m_axi_image_in_RLAST      |   in|    1|       m_axi|                  image_in|       pointer|
|m_axi_image_in_RID        |   in|    1|       m_axi|                  image_in|       pointer|
|m_axi_image_in_RUSER      |   in|    1|       m_axi|                  image_in|       pointer|
|m_axi_image_in_RRESP      |   in|    2|       m_axi|                  image_in|       pointer|
|m_axi_image_in_BVALID     |   in|    1|       m_axi|                  image_in|       pointer|
|m_axi_image_in_BREADY     |  out|    1|       m_axi|                  image_in|       pointer|
|m_axi_image_in_BRESP      |   in|    2|       m_axi|                  image_in|       pointer|
|m_axi_image_in_BID        |   in|    1|       m_axi|                  image_in|       pointer|
|m_axi_image_in_BUSER      |   in|    1|       m_axi|                  image_in|       pointer|
+--------------------------+-----+-----+------------+--------------------------+--------------+

